[    0.000000] Initializing cgroup subsys cpuset
[    0.000000] Initializing cgroup subsys cpu
[    0.000000] Initializing cgroup subsys cpuacct
[    0.000000] Linux version 4.4.0-66-generic (buildd@lgw01-28) (gcc version 5.4.0 20160609 (Ubuntu 5.4.0-6ubuntu1~16.04.4) ) #87-Ubuntu SMP Fri Mar 3 15:29:05 UTC 2017 (Ubuntu 4.4.0-66.87-generic 4.4.44)
[    0.000000] Command line: BOOT_IMAGE=/boot/vmlinuz-4.4.0-66-generic root=LABEL=cloudimg-rootfs ro console=tty1 console=ttyS0
[    0.000000] KERNEL supported cpus:
[    0.000000]   Intel GenuineIntel
[    0.000000]   AMD AuthenticAMD
[    0.000000]   Centaur CentaurHauls
[    0.000000] x86/fpu: xstate_offset[2]:  576, xstate_sizes[2]:  256
[    0.000000] x86/fpu: Supporting XSAVE feature 0x01: 'x87 floating point registers'
[    0.000000] x86/fpu: Supporting XSAVE feature 0x02: 'SSE registers'
[    0.000000] x86/fpu: Supporting XSAVE feature 0x04: 'AVX registers'
[    0.000000] x86/fpu: Enabled xstate features 0x7, context size is 832 bytes, using 'standard' format.
[    0.000000] x86/fpu: Using 'lazy' FPU context switches.
[    0.000000] e820: BIOS-provided physical RAM map:
[    0.000000] BIOS-e820: [mem 0x0000000000000000-0x000000000009fbff] usable
[    0.000000] BIOS-e820: [mem 0x000000000009fc00-0x000000000009ffff] reserved
[    0.000000] BIOS-e820: [mem 0x00000000000f0000-0x00000000000fffff] reserved
[    0.000000] BIOS-e820: [mem 0x0000000000100000-0x000000005ffeffff] usable
[    0.000000] BIOS-e820: [mem 0x000000005fff0000-0x000000005fffffff] ACPI data
[    0.000000] BIOS-e820: [mem 0x00000000fec00000-0x00000000fec00fff] reserved
[    0.000000] BIOS-e820: [mem 0x00000000fee00000-0x00000000fee00fff] reserved
[    0.000000] BIOS-e820: [mem 0x00000000fffc0000-0x00000000ffffffff] reserved
[    0.000000] NX (Execute Disable) protection: active
[    0.000000] SMBIOS 2.5 present.
[    0.000000] Hypervisor detected: KVM
[    0.000000] e820: last_pfn = 0x5fff0 max_arch_pfn = 0x400000000
[    0.000000] MTRR: Disabled
[    0.000000] x86/PAT: MTRRs disabled, skipping PAT initialization too.
[    0.000000] x86/PAT: Configuration [0-7]: WB  WT  UC- UC  WB  WT  UC- UC  
[    0.000000] CPU MTRRs all blank - virtualized system.
[    0.000000] found SMP MP-table at [mem 0x0009fff0-0x0009ffff] mapped at [ffff88000009fff0]
[    0.000000] Scanning 1 areas for low memory corruption
[    0.000000] RAMDISK: [mem 0x36ae8000-0x3756bfff]
[    0.000000] ACPI: Early table checksum verification disabled
[    0.000000] ACPI: RSDP 0x00000000000E0000 000024 (v02 VBOX  )
[    0.000000] ACPI: XSDT 0x000000005FFF0030 00003C (v01 VBOX   VBOXXSDT 00000001 ASL  00000061)
[    0.000000] ACPI: FACP 0x000000005FFF00F0 0000F4 (v04 VBOX   VBOXFACP 00000001 ASL  00000061)
[    0.000000] ACPI: DSDT 0x000000005FFF0470 0021C8 (v02 VBOX   VBOXBIOS 00000002 INTL 20100528)
[    0.000000] ACPI: FACS 0x000000005FFF0200 000040
[    0.000000] ACPI: FACS 0x000000005FFF0200 000040
[    0.000000] ACPI: APIC 0x000000005FFF0240 00005C (v02 VBOX   VBOXAPIC 00000001 ASL  00000061)
[    0.000000] ACPI: SSDT 0x000000005FFF02A0 0001CC (v01 VBOX   VBOXCPUT 00000002 INTL 20100528)
[    0.000000] No NUMA configuration found
[    0.000000] Faking a node at [mem 0x0000000000000000-0x000000005ffeffff]
[    0.000000] NODE_DATA(0) allocated [mem 0x5ffeb000-0x5ffeffff]
[    0.000000] kvm-clock: Using msrs 4b564d01 and 4b564d00
[    0.000000] kvm-clock: cpu 0, msr 0:5ffe3001, primary cpu clock
[    0.000000] kvm-clock: using sched offset of 3509771138 cycles
[    0.000000] clocksource: kvm-clock: mask: 0xffffffffffffffff max_cycles: 0x1cd42e4dffb, max_idle_ns: 881590591483 ns
[    0.000000] Zone ranges:
[    0.000000]   DMA      [mem 0x0000000000001000-0x0000000000ffffff]
[    0.000000]   DMA32    [mem 0x0000000001000000-0x000000005ffeffff]
[    0.000000]   Normal   empty
[    0.000000]   Device   empty
[    0.000000] Movable zone start for each node
[    0.000000] Early memory node ranges
[    0.000000]   node   0: [mem 0x0000000000001000-0x000000000009efff]
[    0.000000]   node   0: [mem 0x0000000000100000-0x000000005ffeffff]
[    0.000000] Initmem setup node 0 [mem 0x0000000000001000-0x000000005ffeffff]
[    0.000000] ACPI: PM-Timer IO Port: 0x4008
[    0.000000] IOAPIC[0]: apic_id 2, version 32, address 0xfec00000, GSI 0-23
[    0.000000] ACPI: INT_SRC_OVR (bus 0 bus_irq 0 global_irq 2 dfl dfl)
[    0.000000] ACPI: INT_SRC_OVR (bus 0 bus_irq 9 global_irq 9 high level)
[    0.000000] Using ACPI (MADT) for SMP configuration information
[    0.000000] smpboot: Allowing 2 CPUs, 0 hotplug CPUs
[    0.000000] PM: Registered nosave memory: [mem 0x00000000-0x00000fff]
[    0.000000] PM: Registered nosave memory: [mem 0x0009f000-0x0009ffff]
[    0.000000] PM: Registered nosave memory: [mem 0x000a0000-0x000effff]
[    0.000000] PM: Registered nosave memory: [mem 0x000f0000-0x000fffff]
[    0.000000] e820: [mem 0x60000000-0xfebfffff] available for PCI devices
[    0.000000] Booting paravirtualized kernel on KVM
[    0.000000] clocksource: refined-jiffies: mask: 0xffffffff max_cycles: 0xffffffff, max_idle_ns: 7645519600211568 ns
[    0.000000] setup_percpu: NR_CPUS:512 nr_cpumask_bits:512 nr_cpu_ids:2 nr_node_ids:1
[    0.000000] PERCPU: Embedded 33 pages/cpu @ffff88005fc00000 s98264 r8192 d28712 u1048576
[    0.000000] PV qspinlock hash table entries: 256 (order: 0, 4096 bytes)
[    0.000000] Built 1 zonelists in Node order, mobility grouping on.  Total pages: 386937
[    0.000000] Policy zone: DMA32
[    0.000000] Kernel command line: BOOT_IMAGE=/boot/vmlinuz-4.4.0-66-generic root=LABEL=cloudimg-rootfs ro console=tty1 console=ttyS0
[    0.000000] PID hash table entries: 4096 (order: 3, 32768 bytes)
[    0.000000] Memory: 1517904K/1572408K available (8452K kernel code, 1293K rwdata, 3980K rodata, 1488K init, 1316K bss, 54504K reserved, 0K cma-reserved)
[    0.000000] SLUB: HWalign=64, Order=0-3, MinObjects=0, CPUs=2, Nodes=1
[    0.000000] Hierarchical RCU implementation.
[    0.000000] 	Build-time adjustment of leaf fanout to 64.
[    0.000000] 	RCU restricting CPUs from NR_CPUS=512 to nr_cpu_ids=2.
[    0.000000] RCU: Adjusting geometry for rcu_fanout_leaf=64, nr_cpu_ids=2
[    0.000000] NR_IRQS:33024 nr_irqs:440 16
[    0.000000] Console: colour VGA+ 80x25
[    0.000000] console [tty1] enabled
[    0.000000] console [ttyS0] enabled
[    0.000000] tsc: Detected 2494.236 MHz processor
[   15.354003] Calibrating delay loop (skipped) preset value.. 4988.47 BogoMIPS (lpj=9976944)
[   15.414610] pid_max: default: 32768 minimum: 301
[   15.415362] ACPI: Core revision 20150930
[   15.422994] ACPI: 2 ACPI AML tables successfully acquired and loaded
[   15.598674] Security Framework initialized
[   15.727786] Yama: becoming mindful.
[   15.809848] AppArmor: AppArmor initialized
[   15.920045] Dentry cache hash table entries: 262144 (order: 9, 2097152 bytes)
[   16.131937] Inode-cache hash table entries: 131072 (order: 8, 1048576 bytes)
[   16.348930] Mount-cache hash table entries: 4096 (order: 3, 32768 bytes)
[   16.570553] Mountpoint-cache hash table entries: 4096 (order: 3, 32768 bytes)
[   16.807207] Initializing cgroup subsys io
[   16.918694] Initializing cgroup subsys memory
[   17.051288] Initializing cgroup subsys devices
[   17.198374] Initializing cgroup subsys freezer
[   17.339454] Initializing cgroup subsys net_cls
[   17.483065] Initializing cgroup subsys perf_event
[   17.627692] Initializing cgroup subsys net_prio
[   17.767786] Initializing cgroup subsys hugetlb
[   17.908356] Initializing cgroup subsys pids
[   18.028109] CPU: Physical Processor ID: 0
[   18.133600] CPU: Processor Core ID: 0
[   18.239015] mce: CPU supports 0 MCE banks
[   18.364816] Last level iTLB entries: 4KB 1024, 2MB 1024, 4MB 1024
[   18.563519] Last level dTLB entries: 4KB 1024, 2MB 1024, 4MB 1024, 1GB 4
[   18.760353] Freeing SMP alternatives memory: 32K (ffffffff820b9000 - ffffffff820c1000)
[   19.014683] ftrace: allocating 32123 entries in 126 pages
[   19.205903] smpboot: APIC(0) Converting physical 0 to logical package 0
[   19.410102] smpboot: Max logical packages: 1
[   19.535123] x2apic enabled
[   19.618342] Switched APIC routing to physical x2apic.
[   19.757338] ..TIMER: vector=0x30 apic1=0 pin1=2 apic2=-1 pin2=-1
[   20.034185] smpboot: CPU0: Intel(R) Core(TM) i7-4710HQ CPU @ 2.50GHz (family: 0x6, model: 0x3c, stepping: 0x3)
[   20.137539] Performance Events: unsupported p6 CPU model 60 no PMU driver, software events only.
[   20.215617] KVM setup paravirtual spinlock
[   20.277313] x86: Booting SMP configuration:
[   20.361705] .... node  #0, CPUs:      #1
[   20.422757] kvm-clock: cpu 1, msr 0:5ffe3041, secondary cpu clock
[   20.425553] mce: CPU supports 0 MCE banks
[   20.428123] x86: Booted up 1 node, 2 CPUs
[   20.491456] smpboot: Total of 2 processors activated (9976.94 BogoMIPS)
[   20.522700] devtmpfs: initialized
[   20.575589] evm: security.selinux
[   20.641470] evm: security.SMACK64
[   20.710672] evm: security.SMACK64EXEC
[   20.797974] evm: security.SMACK64TRANSMUTE
[   20.858915] evm: security.SMACK64MMAP
[   20.974784] evm: security.ima
[   21.038291] evm: security.capability
[   21.113176] clocksource: jiffies: mask: 0xffffffff max_cycles: 0xffffffff, max_idle_ns: 7645041785100000 ns
[   21.415126] pinctrl core: initialized pinctrl subsystem
[   21.584452] RTC time:  7:49:58, date: 03/27/17
[   21.721607] NET: Registered protocol family 16
[   21.874673] cpuidle: using governor ladder
[   21.986736] cpuidle: using governor menu
[   22.108993] PCCT header not found.
[   22.213830] ACPI: bus type PCI registered
[   22.331330] acpiphp: ACPI Hot Plug PCI Controller Driver version: 0.5
[   22.493623] PCI: Using configuration type 1 for base access
[   22.686842] ACPI: Added _OSI(Module Device)
[   22.823567] ACPI: Added _OSI(Processor Device)
[   22.969667] ACPI: Added _OSI(3.0 _SCP Extensions)
[   23.124781] ACPI: Added _OSI(Processor Aggregator Device)
[   23.269045] ACPI: Executed 1 blocks of module-level executable AML code
[   23.449719] ACPI: Interpreter enabled
[   23.556592] ACPI: (supports S0 S5)
[   23.644635] ACPI: Using IOAPIC for interrupt routing
[   23.776404] PCI: Using host bridge windows from ACPI; if necessary, use "pci=nocrs" and report a bug
[   24.045551] ACPI: PCI Root Bridge [PCI0] (domain 0000 [bus 00-ff])
[   24.236588] acpi PNP0A03:00: _OSC: OS supports [ASPM ClockPM Segments MSI]
[   24.410272] acpi PNP0A03:00: _OSC failed (AE_NOT_FOUND); disabling ASPM
[   24.624950] acpi PNP0A03:00: fail to add MMCONFIG information, can't access extended PCI configuration space under this bridge.
[   24.939774] PCI host bridge to bus 0000:00
[   25.059698] pci_bus 0000:00: root bus resource [io  0x0000-0x0cf7 window]
[   25.255388] pci_bus 0000:00: root bus resource [io  0x0d00-0xffff window]
[   25.390622] pci_bus 0000:00: root bus resource [mem 0x000a0000-0x000bffff window]
[   25.542035] pci_bus 0000:00: root bus resource [mem 0x60000000-0xffdfffff window]
[   25.543274] pci_bus 0000:00: root bus resource [bus 00-ff]
[   25.545593] pci 0000:00:01.1: legacy IDE quirk: reg 0x10: [io  0x01f0-0x01f7]
[   25.546609] pci 0000:00:01.1: legacy IDE quirk: reg 0x14: [io  0x03f6]
[   25.761873] pci 0000:00:01.1: legacy IDE quirk: reg 0x18: [io  0x0170-0x0177]
[   26.013333] pci 0000:00:01.1: legacy IDE quirk: reg 0x1c: [io  0x0376]
[   26.251681] pci 0000:00:07.0: quirk: [io  0x4000-0x403f] claimed by PIIX4 ACPI
[   26.456982] pci 0000:00:07.0: quirk: [io  0x4100-0x410f] claimed by PIIX4 SMB
[   26.681863] ACPI: PCI Interrupt Link [LNKA] (IRQs 5 9 10 *11)
[   26.820482] ACPI: PCI Interrupt Link [LNKB] (IRQs 5 9 10 *11)
[   27.009993] ACPI: PCI Interrupt Link [LNKC] (IRQs 5 9 *10 11)
[   27.182309] ACPI: PCI Interrupt Link [LNKD] (IRQs 5 *9 10 11)
[   27.313715] ACPI: Enabled 2 GPEs in block 00 to 07
[   27.427117] vgaarb: setting as boot device: PCI:0000:00:02.0
[   27.591205] vgaarb: device added: PCI:0000:00:02.0,decodes=io+mem,owns=io+mem,locks=none
[   27.860145] vgaarb: loaded
[   27.949405] vgaarb: bridge control possible 0000:00:02.0
[   28.126319] SCSI subsystem initialized
[   28.251231] ACPI: bus type USB registered
[   28.381247] usbcore: registered new interface driver usbfs
[   28.544367] usbcore: registered new interface driver hub
[   28.682091] usbcore: registered new device driver usb
[   28.859370] PCI: Using ACPI for IRQ routing
[   28.905929] NetLabel: Initializing
[   29.016195] NetLabel:  domain hash size = 128
[   29.153281] NetLabel:  protocols = UNLABELED CIPSOv4
[   29.295437] NetLabel:  unlabeled traffic allowed by default
[   29.462684] amd_nb: Cannot enumerate AMD northbridges
[   29.595179] clocksource: Switched to clocksource kvm-clock
[   29.740044] AppArmor: AppArmor Filesystem Enabled
[   29.883403] pnp: PnP ACPI init
[   29.980968] pnp: PnP ACPI: found 3 devices
[   30.120398] clocksource: acpi_pm: mask: 0xffffff max_cycles: 0xffffff, max_idle_ns: 2085701024 ns
[   30.416051] NET: Registered protocol family 2
[   30.563467] TCP established hash table entries: 16384 (order: 5, 131072 bytes)
[   30.738256] TCP bind hash table entries: 16384 (order: 6, 262144 bytes)
[   30.943766] TCP: Hash tables configured (established 16384 bind 16384)
[   31.164902] UDP hash table entries: 1024 (order: 3, 32768 bytes)
[   31.370026] UDP-Lite hash table entries: 1024 (order: 3, 32768 bytes)
[   31.583728] NET: Registered protocol family 1
[   31.718815] pci 0000:00:00.0: Limiting direct PCI/PCI transfers
[   31.905932] pci 0000:00:01.0: Activating ISA DMA hang workarounds
[   32.109662] Trying to unpack rootfs image as initramfs...
[   33.746878] Freeing initrd memory: 10768K (ffff880036ae8000 - ffff88003756c000)
[   34.001511] RAPL PMU detected, API unit is 2^-32 Joules, 4 fixed counters 10737418240 ms ovfl timer
[   34.321592] hw unit of domain pp0-core 2^-0 Joules
[   34.496470] hw unit of domain package 2^-0 Joules
[   34.660064] hw unit of domain dram 2^-0 Joules
[   34.818564] hw unit of domain pp1-gpu 2^-0 Joules
[   34.951530] platform rtc_cmos: registered platform RTC device (no PNP device found)
[   35.033076] Scanning for low memory corruption every 60 seconds
[   35.078944] futex hash table entries: 512 (order: 3, 32768 bytes)
[   35.294638] audit: initializing netlink subsys (disabled)
[   35.480188] audit: type=2000 audit(1490600988.293:1): initialized
[   35.691185] Initialise system trusted keyring
[   35.841703] HugeTLB registered 2 MB page size, pre-allocated 0 pages
[   36.033751] tsc: Refined TSC clocksource calibration: 2493.691 MHz
[   36.219404] clocksource: tsc: mask: 0xffffffffffffffff max_cycles: 0x23f1f1c5038, max_idle_ns: 440795222022 ns
[   36.220624] zbud: loaded
[   36.220771] VFS: Disk quotas dquot_6.6.0
[   36.220794] VFS: Dquot-cache hash table entries: 512 (order 0, 4096 bytes)
[   36.221004] squashfs: version 4.0 (2009/01/31) Phillip Lougher
[   36.221165] fuse init (API version 7.23)
[   36.221248] Key type big_key registered
[   36.221261] Allocating IMA MOK and blacklist keyrings.
[   36.221404] Key type asymmetric registered
[   36.221406] Asymmetric key parser 'x509' registered
[   36.221431] Block layer SCSI generic (bsg) driver version 0.4 loaded (major 249)
[   36.221452] io scheduler noop registered
[   36.221454] io scheduler deadline registered (default)
[   36.221504] io scheduler cfq registered
[   36.221581] pci_hotplug: PCI Hot Plug PCI Core version: 0.5
[   36.221586] pciehp: PCI Express Hot Plug Controller Driver version: 0.4
[   36.221694] ACPI: AC Adapter [AC] (on-line)
[   36.221732] input: Power Button as /devices/LNXSYSTM:00/LNXPWRBN:00/input/input0
[   36.221734] ACPI: Power Button [PWRF]
[   36.221784] input: Sleep Button as /devices/LNXSYSTM:00/LNXSLPBN:00/input/input1
[   36.221785] ACPI: Sleep Button [SLPF]
[   36.221882] GHES: HEST is not enabled!
[   36.222426] ACPI: Battery Slot [BAT0] (battery present)
[   36.222454] Serial: 8250/16550 driver, 32 ports, IRQ sharing enabled
[   36.571598] 00:02: ttyS0 at I/O 0x3f8 (irq = 4, base_baud = 115200) is a 16550A
[   36.655881] Linux agpgart interface v0.103
[   36.763577] brd: module loaded
[   36.764163] loop: module loaded
[   36.764553] scsi host0: ata_piix
[   36.764595] scsi host1: ata_piix
[   36.764619] ata1: PATA max UDMA/33 cmd 0x1f0 ctl 0x3f6 bmdma 0xd000 irq 14
[   36.764620] ata2: PATA max UDMA/33 cmd 0x170 ctl 0x376 bmdma 0xd008 irq 15
[   36.764673] libphy: Fixed MDIO Bus: probed
[   36.764675] tun: Universal TUN/TAP device driver, 1.6
[   36.764675] tun: (C) 1999-2004 Max Krasnyansky <maxk@qualcomm.com>
[   36.764949] PPP generic driver version 2.4.2
[   36.764999] ehci_hcd: USB 2.0 'Enhanced' Host Controller (EHCI) Driver
[   36.765002] ehci-pci: EHCI PCI platform driver
[   36.765008] ehci-platform: EHCI generic platform driver
[   36.765013] ohci_hcd: USB 1.1 'Open' Host Controller (OHCI) Driver
[   36.765016] ohci-pci: OHCI PCI platform driver
[   36.765022] ohci-platform: OHCI generic platform driver
[   36.765027] uhci_hcd: USB Universal Host Controller Interface driver
[   36.765066] i8042: PNP: PS/2 Controller [PNP0303:PS2K,PNP0f03:PS2M] at 0x60,0x64 irq 1,12
[   37.008192] serio: i8042 KBD port at 0x60,0x64 irq 1
[   37.008198] serio: i8042 AUX port at 0x60,0x64 irq 12
[   37.008321] mousedev: PS/2 mouse device common for all mice
[   37.008603] rtc_cmos rtc_cmos: rtc core: registered rtc_cmos as rtc0
[   37.008654] rtc_cmos rtc_cmos: alarms up to one day, 114 bytes nvram
[   37.008660] i2c /dev entries driver
[   37.008708] device-mapper: uevent: version 1.0.3
[   37.008753] device-mapper: ioctl: 4.34.0-ioctl (2015-10-28) initialised: dm-devel@redhat.com
[   37.008773] ledtrig-cpu: registered to indicate activity on CPUs
[   37.009016] NET: Registered protocol family 10
[   37.009135] NET: Registered protocol family 17
[   37.009142] Key type dns_resolver registered
[   37.170665] microcode: CPU0 sig=0x306c3, pf=0x40, revision=0x0
[   37.170760] microcode: CPU1 sig=0x306c3, pf=0x40, revision=0x0
[   37.170815] microcode: Microcode Update Driver: v2.01 <tigran@aivazian.fsnet.co.uk>, Peter Oruba
[   37.170908] registered taskstats version 1
[   37.170920] Loading compiled-in X.509 certificates
[   37.171548] Loaded X.509 cert 'Build time autogenerated kernel key: 32ca4feee90b5cde51f5f8c0e024b22f8c679982'
[   37.171564] zswap: loaded using pool lzo/zbud
[   37.172623] Key type trusted registered
[   37.174376] Key type encrypted registered
[   37.174379] AppArmor: AppArmor sha1 policy hashing enabled
[   37.174381] ima: No TPM chip found, activating TPM-bypass!
[   37.174395] evm: HMAC attrs: 0x1
[   37.174577]   Magic number: 9:538:825
[   37.298290] rtc_cmos rtc_cmos: setting system clock to 2017-03-27 07:50:13 UTC (1490601013)
[   37.298393] BIOS EDD facility v0.16 2004-Jun-25, 0 devices found
[   37.298393] EDD information not available.
[   38.148759] input: AT Translated Set 2 keyboard as /devices/platform/i8042/serio0/input/input2
[   48.089094] Freeing unused kernel memory: 1488K (ffffffff81f45000 - ffffffff820b9000)
[   48.219563] Write protecting the kernel read-only data: 14336k
[   48.317634] Freeing unused kernel memory: 1776K (ffff880001844000 - ffff880001a00000)
[   48.419599] Freeing unused kernel memory: 116K (ffff880001de3000 - ffff880001e00000)
Loading, please [   48.431569] random: systemd-udevd: uninitialized urandom read (16 bytes read, 5 bits of entropy available)
wait...
startin[   48.432037] random: udevadm: uninitialized urandom read (16 bytes read, 5 bits of entropy available)
g version 229
[   48.432068] random: udevadm: uninitialized urandom read (16 bytes read, 5 bits of entropy available)
[   48.432155] random: udevadm: uninitialized urandom read (16 bytes read, 5 bits of entropy available)
[   48.432185] random: udevadm: uninitialized urandom read (16 bytes read, 5 bits of entropy available)
[   48.432216] random: udevadm: uninitialized urandom read (16 bytes read, 5 bits of entropy available)
[   48.432247] random: udevadm: uninitialized urandom read (16 bytes read, 5 bits of entropy available)
[   48.432275] random: udevadm: uninitialized urandom read (16 bytes read, 5 bits of entropy available)
[   48.432303] random: udevadm: uninitialized urandom read (16 bytes read, 5 bits of entropy available)
[   48.432345] random: udevadm: uninitialized urandom read (16 bytes read, 5 bits of entropy available)
[   49.758246] e1000: Intel(R) PRO/1000 Network Driver - version 7.3.21-k8-NAPI
[   49.808701] e1000: Copyright (c) 1999-2006 Intel Corporation.
[   49.918531] AVX version of gcm_enc/dec engaged.
[   49.930212] Fusion MPT base driver 3.04.20
[   49.930213] Copyright (c) 1999-2008 LSI Corporation
[   50.023422] AES CTR mode by8 optimization enabled
[   50.038683] Fusion MPT SPI Host driver 3.04.20
[   50.114468] input: ImExPS/2 Generic Explorer Mouse as /devices/platform/i8042/serio1/input/input4
[   50.359461] e1000 0000:00:03.0 eth0: (PCI:33MHz:32-bit) 02:1b:66:ab:e9:71
[   50.593019] e1000 0000:00:03.0 eth0: Intel(R) PRO/1000 Network Connection
[   50.779123] e1000 0000:00:03.0 enp0s3: renamed from eth0
[   50.823099] mptbase: ioc0: Initiating bringup
[   50.959724] ioc0: LSI53C1030 A0: Capabilities={Initiator}
[   51.254837] scsi host2: ioc0: LSI53C1030 A0, FwRev=00000000h, Ports=1, MaxQ=256, IRQ=20
[   51.404458] scsi 2:0:0:0: Direct-Access     VBOX     HARDDISK         1.0  PQ: 0 ANSI: 5
[   51.660314] scsi target2:0:0: Beginning Domain Validation
[   51.819170] scsi target2:0:0: Domain Validation skipping write tests
[   51.888349] scsi target2:0:0: Ending Domain Validation
[   51.894748] scsi target2:0:0: asynchronous
[   51.958235] scsi 2:0:1:0: Direct-Access     VBOX     HARDDISK         1.0  PQ: 0 ANSI: 5
[   52.195227] scsi target2:0:1: Beginning Domain Validation
[   52.368268] scsi target2:0:1: Domain Validation skipping write tests
[   52.371882] scsi target2:0:1: Ending Domain Validation
[   52.374222] scsi target2:0:1: asynchronous
[   52.381025] sd 2:0:0:0: [sda] 20971520 512-byte logical blocks: (10.7 GB/10.0 GiB)
[   52.639488] sd 2:0:0:0: Attached scsi generic sg0 type 0
[   52.639871] sd 2:0:0:0: [sda] Write Protect is off
[   52.640071] sd 2:0:0:0: [sda] Incomplete mode parameter data
[   52.640072] sd 2:0:0:0: [sda] Assuming drive cache: write through
[   52.846821]  sda: sda1
[   52.847861] sd 2:0:0:0: [sda] Attached SCSI disk
[   52.967617] sd 2:0:1:0: Attached scsi generic sg1 type 0
[   52.967795] sd 2:0:1:0: [sdb] 20480 512-byte logical blocks: (10.5 MB/10.0 MiB)
[   52.968015] sd 2:0:1:0: [sdb] Write Protect is off
[   52.968150] sd 2:0:1:0: [sdb] Incomplete mode parameter data
[   52.968152] sd 2:0:1:0: [sdb] Assuming drive cache: write through
[   52.996049] sd 2:0:1:0: [sdb] Attached SCSI disk
[   53.003599] floppy0: no floppy controllers found
[   53.003660] work still pending
Begin: Loading e[   54.481527] md: linear personality registered for level -1
ssential drivers ... [   54.499757] md: multipath personality registered for level -4
[   54.571112] md: raid0 personality registered for level 0
[   54.742909] md: raid1 personality registered for level 1
[   54.835383] raid6: sse2x1   gen()  8998 MB/s
[   54.979315] raid6: sse2x1   xor()  8054 MB/s
[   55.187321] raid6: sse2x2   gen() 12813 MB/s
[   55.351937] raid6: sse2x2   xor()  7791 MB/s
[   55.463794] raid6: sse2x4   gen()  9751 MB/s
[   55.571390] raid6: sse2x4   xor()  9835 MB/s
[   55.671833] raid6: using algorithm sse2x2 gen() 12813 MB/s
[   55.672643] raid6: .... xor() 7791 MB/s, rmw enabled
[   55.673392] raid6: using ssse3x2 recovery algorithm
[   55.675527] xor: automatically using best checksumming function:
[   55.771386]    avx       : 20207.000 MB/sec
[   55.779349] async_tx: api initialized (async)
[   55.786164] md: raid6 personality registered for level 6
[   55.943578] md: raid5 personality registered for level 5
[   56.075410] md: raid4 personality registered for level 4
[   56.162691] md: raid10 personality registered for level 10
done.
Begin: Running /scripts/init-premount ... done.
Begin: Mounting root file system ... Begin: Running /scripts/local-top ... done.
Begin: Running /scripts/local-premount ... [   56.257724] Btrfs loaded
Scanning for Btrfs filesystems
done.
Warning: fsck not present, so skipping root file system
[   56.525244] EXT4-fs (sda1): mounted filesystem with ordered data mode. Opts: (null)
done.
Begin: Running /scripts/local-bottom ... done.
Begin: Running /scripts/init-bottom ... done.
[   57.179006] random: nonblocking pool is initialized
[   57.859159] systemd[1]: systemd 229 running in system mode. (+PAM +AUDIT +SELINUX +IMA +APPARMOR +SMACK +SYSVINIT +UTMP +LIBCRYPTSETUP +GCRYPT +GNUTLS +ACL +XZ -LZ4 +SECCOMP +BLKID +ELFUTILS +KMOD -IDN)
[   58.221975] systemd[1]: Detected virtualization oracle.
[   58.296339] systemd[1]: Detected architecture x86-64.

Welcome to [1mUbuntu 16.04.2 LTS[0m!

[   58.501293] systemd[1]: Set hostname to <ubuntu>.
[   58.715508] systemd[1]: Initializing machine ID from random generator.
[   58.778510] systemd[1]: Installed transient /etc/machine-id file.
[   60.379273] systemd[1]: Listening on Journal Socket.
[[0;32m  OK  [0m] Listening on Journal Socket.
[   60.551939] systemd[1]: Set up automount Arbitrary Executable File Formats File System Automount Point.
[[0;32m  OK  [0m] Set up automount Arbitrary Executab...ats File System Automount Point.
[   60.675730] systemd[1]: Reached target Swap.
[[0;32m  OK  [0m] Reached target Swap.
[   60.797746] systemd[1]: Listening on Journal Audit Socket.
[[0;32m  OK  [0m] Listening on Journal Audit Socket.
[   61.043606] systemd[1]: Reached target Encrypted Volumes.
[[0;32m  OK  [0m] Reached target Encrypted Volumes.
[   61.272915] systemd[1]: Listening on udev Control Socket.
[[0;32m  OK  [0m] Listening on udev Control Socket.
[   61.515988] systemd[1]: Created slice System Slice.
[[0;32m  OK  [0m] Created slice System Slice.
[   61.635655] systemd[1]: Starting Create list of required static device nodes for the current kernel...
         Starting Create list of required st... nodes for the current kernel...
[   61.791537] systemd[1]: Mounting Huge Pages File System...
         Mounting Huge Pages File System...
[   61.999871] systemd[1]: Listening on Journal Socket (/dev/log).
[[0;32m  OK  [0m] Listening on Journal Socket (/dev/log).
[   62.288146] systemd[1]: Listening on Device-mapper event daemon FIFOs.
[[0;32m  OK  [0m] Listening on Device-mapper event daemon FIFOs.
[   62.584359] systemd[1]: Listening on udev Kernel Socket.
[[0;32m  OK  [0m] Listening on udev Kernel Socket.
[   62.735826] systemd[1]: Created slice User and Session Slice.
[[0;32m  OK  [0m] Created slice User and Session Slice.
[   62.823910] systemd[1]: Listening on LVM2 metadata daemon socket.
[[0;32m  OK  [0m] Listening on LVM2 metadata daemon socket.
[   63.088079] systemd[1]: Started Forward Password Requests to Wall Directory Watch.
[[0;32m  OK  [0m] Started Forward Password Requests to Wall Directory Watch.
[   63.395420] systemd[1]: Mounting Debug File System...
         Mounting Debug File System...
[   63.468247] systemd[1]: Starting Uncomplicated firewall...
         Starting Uncomplicated firewall...
[   63.479578] systemd[1]: Starting Nameserver information manager...
         Starting Nameserver information manager...
[   63.497708] systemd[1]: Starting Monitoring of LVM2 mirrors, snapshots etc. using dmeventd or progress polling...
         Starting Monitoring of LVM2 mirrors... dmeventd or progress polling...
[   63.836549] systemd[1]: Starting Remount Root and Kernel File Systems...
[   63.857494] EXT4-fs (sda1): re-mounted. Opts: (null)
         Starting Remount Root and Kernel File Systems...
[   64.263687] systemd[1]: Mounting POSIX Message Queue File System...
         Mounting POSIX Message Queue File System...
[   64.580402] systemd[1]: Starting Load Kernel Modules...
[   64.739680] Loading iSCSI transport class v2.0-870.
         Starting Load Kernel Modules...
[   64.915877] iscsi: registered transport (tcp)
[   65.075546] systemd[1]: Listening on LVM2 poll daemon socket.
[[0;32m  OK  [0m] Listening on LVM2 poll daemon socket.
[   65.344718] systemd[1]: Starting Set console keymap...
         Starting Set console keymap...
[   65.540379] systemd[1]: Reached target Slices.
[[0;32m  OK  [0m] Reached target Slices.
[   65.756353] systemd[1]: Listening on /dev/initctl Compatibility Named Pipe.
[[0;32m  OK  [0m] Listening on /dev/initctl Compatibility Named Pipe.
[   65.938873] iscsi: registered transport (iser)
[   66.109063] systemd[1]: Reached target User and Group Name Lookups.
[[0;32m  OK  [0m] Reached target User and Group Name Lookups.
[   66.372401] systemd[1]: Created slice system-serial\x2dgetty.slice.
[[0;32m  OK  [0m] Created slice system-serial\x2dgetty.slice.
[   66.671616] systemd[1]: Listening on Syslog Socket.
[[0;32m  OK  [0m] Listening on Syslog Socket.
[   66.780326] systemd[1]: Starting Journal Service...
         Starting Journal Service...
[   67.004213] systemd[1]: Mounted POSIX Message Queue File System.
[[0;32m  OK  [0m] Mounted POSIX Message Queue File System.
[   67.132411] systemd[1]: Mounted Debug File System.
[[0;32m  OK  [0m] Mounted Debug File System.
[   67.347923] systemd[1]: Mounted Huge Pages File System.
[[0;32m  OK  [0m] Mounted Huge Pages File System.
[   67.584584] systemd[1]: Started Journal Service.
[[0;32m  OK  [0m] Started Journal Service.
[[0;32m  OK  [0m] Started Create list of required sta...ce nodes for the current kernel.
[[0;32m  OK  [0m] Started Uncomplicated firewall.
[[0;32m  OK  [0m] Started Remount Root and Kernel File Systems.
[[0;32m  OK  [0m] Started Load Kernel Modules.
[[0;32m  OK  [0m] Started Set console keymap.
[[0;32m  OK  [0m] Started Nameserver information manager.
[[0;32m  OK  [0m] Started LVM2 metadata daemon.
         Mounting FUSE Control File System...
         Starting Apply Kernel Variables...
         Starting Initial cloud-init job (pre-networking)...
         Starting udev Coldplug all Devices...
         Starting Load/Save Random Seed...
         Starting Create Static Device Nodes in /dev...
         Starting Flush Journal to Persistent Storage...
[[0;32m  OK  [0m] Mounted FUSE Control File System.
[[0;32m  OK  [0m] Started Apply Kernel Variables.
[[0;32m  OK  [0m] Started Load/Save Random Seed.
[[0;32m  OK  [0m] Started udev Coldplug all Devices.
[[0;32m  OK  [0m] Started Monitoring of LVM2 mirrors,...ng dmeventd or progress polling.
[[0;32m  OK  [0m] Started Flush Journal to Persistent Storage.
[[0;32m  OK  [0m] Started Create Static Device Nodes in /dev.
         Starting udev Kernel Device Manager...
[[0;32m  OK  [0m] Started udev Kernel Device Manager.
[[0;32m  OK  [0m] Reached target Local File Systems (Pre).
[[0;32m  OK  [0m] Reached target Local File Systems.
         Starting Create Volatile Files and Directories...
         Starting LSB: AppArmor initialization...
         Starting Commit a transient machine-id on disk...
         Starting Tell Plymouth To Write Out Runtime Data...
         Starting Set console font and keymap...
[[0;32m  OK  [0m] Started Dispatch Password Requests to Console Directory Watch.
[[0;32m  OK  [0m] Started Create Volatile Files and Directories.
[[0;32m  OK  [0m] Started Commit a transient machine-id on disk.
[[0;32m  OK  [0m] Started Tell Plymouth To Write Out Runtime Data.
[[0;32m  OK  [0m] Found device /dev/ttyS0.
[[0;32m  OK  [0m] Reached target System Time Synchronized.
         Starting Update UTMP about System Boot/Shutdown...
[[0;32m  OK  [0m] Started Update UTMP about System Boot/Shutdown.
[[0;32m  OK  [0m] Started Set console font and keymap.
[[0;32m  OK  [0m] Created slice system-getty.slice.
[[0;32m  OK  [0m] Listening on Load/Save RF Kill Switch Status /dev/rfkill Watch.
[[0;32m  OK  [0m] Started LSB: AppArmor initialization.
[   47.527482] cloud-init[469]: Cloud-init v. 0.7.9 running 'init-local' at Mon, 27 Mar 2017 07:50:52 +0000. Up 46.95 seconds.
[[0;32m  OK  [0m] Started Initial cloud-init job (pre-networking).
[[0;32m  OK  [0m] Reached target Network (Pre).
         Starting Raise network interfaces...
[[0;32m  OK  [0m] Started Raise network interfaces.
[[0;32m  OK  [0m] Reached target Network.
         Starting Initial cloud-init job (metadata service crawler)...
[   50.683448] cloud-init[1044]: Cloud-init v. 0.7.9 running 'init' at Mon, 27 Mar 2017 07:50:53 +0000. Up 48.61 seconds.
[   50.712778] cloud-init[1044]: ci-info: +++++++++++++++++++++++++++++++++++++Net device info++++++++++++++++++++++++++++++++++++++
[   50.743471] cloud-init[1044]: ci-info: +--------+------+----------------------------+---------------+-------+-------------------+
[   50.781228] cloud-init[1044]: ci-info: | Device |  Up  |          Address           |      Mask     | Scope |     Hw-Address    |
[[0;32m  OK  [0m] Started Initial cloud-init job (metadata service crawler).
[[   50.799410] cloud-init[1044]: ci-info: +--------+------+----------------------------+---------------+-------+-------------------+
[   50.806862] cloud-init[1044]: ci-info: | enp0s3 | True |         10.0.2.15          | 255.255.255.0 |   .   | 02:1b:66:ab:e9:71 |
[   50.806957] cloud-init[1044]: ci-info: | enp0s3 | True | fe80::1b:66ff:feab:e971/64 |       .       |  link | 02:1b:66:ab:e9:71 |
[   50.807067] cloud-init[1044]: ci-info: |   lo   | True |         127.0.0.1          |   255.0.0.0   |   .   |         .         |
[   50.807176] cloud-init[1044]: ci-info: |   lo   | True |          ::1/128           |       .       |  host |         .         |
[   50.807294] cloud-init[1044]: ci-info: +--------+------+----------------------------+---------------+-------+-------------------+
[   50.807414] cloud-init[1044]: ci-info: +++++++++++++++++++++++++++Route IPv4 info++++++++++++++++++++++++++++
[   50.807534] cloud-init[1044]: ci-info: +-------+-------------+----------+---------------+-----------+-------+
[   50.807652] cloud-init[1044]: ci-info: | Route | Destination | Gateway  |    Genmask    | Interface | Flags |
[   50.807770] cloud-init[1044]: ci-info: +-------+-------------+----------+---------------+-----------+-------+
[   50.807889] cloud-init[1044]: ci-info: |   0   |   0.0.0.0   | 10.0.2.2 |    0.0.0.0    |   enp0s3  |   UG  |
[0;32m  OK  [0m] Reached target Network is Online.
[   50.808024] cloud-init[1044]: ci-info: |   1   |   10.0.2.0  | 0.0.0.0  | 255.255.255.0 |   enp0s3  |   U   |
[   51.100569] cloud-init[1044]: ci-info: +-------+-------------+----------+---------------+-----------+-------+
[   51.100820] cloud-init[1044]: Generating public/private rsa key pair.
         Starting iSCSI initiator daemon (iscsid)...
[[0;32m  OK  [0m[   51.100972] cloud-init[1044]: Your identification has been saved in /etc/ssh/ssh_host_rsa_key.
] Reached target Cloud-config availability.
[[   51.122296] cloud-init[1044]: Your public key has been saved in /etc/ssh/ssh_host_rsa_key.pub.
[   51.282042] cloud-init[1044]: The key fingerprint is:
[0;32m  OK  [0m] Reached target System Initialization.
[[   51.282111] cloud-init[1044]: SHA256:jW3UGkqhBURRS7uD0uMztealaG+re4zJYeINdlsO4fg root@ubuntu-xenial
[   51.403136] cloud-init[1044]: The key's randomart image is:
[0;32m  OK  [0m] Listening on UUID daemon activation socket.
[   51.403214] cloud-init[1044]: +---[RSA 2048]----+
[   51.652568] cloud-init[1044]: |     o=+=        |
[   51.652990] cloud-init[1044]: |       + + .     |
[[0;32m  OK  [0m] Started ACPI Events Check.
[   51.653211] cloud-init[1044]: |      . + o .    |
[   51.824819] cloud-init[1044]: |     ..o B o     |
[   51.825174] cloud-init[1044]: |    .o+.S =      |
         Starting Socket activation for snappy daemon.
[   51.825304] cloud-init[1044]: |    =o*o.+       |
[   51.980558] cloud-init[1044]: |   o O+Xo .      |
[[0;32m  OK  [0m] Listening on D-Bus System Message Bus Socket.
[[   51.980684] cloud-init[1044]: |    . E*=o       |
[   52.121113] cloud-init[1044]: |     .+*=.       |
[0;32m  OK  [0m] Started Timer to automatically refresh installed snaps.
[[   52.121564] cloud-init[1044]: +----[SHA256]-----+
[   52.296983] cloud-init[1044]: Generating public/private dsa key pair.
[0;32m  OK  [0m] Listening on ACPID Listen Socket.
[   52.297079] cloud-init[1044]: Your identification has been saved in /etc/ssh/ssh_host_dsa_key.
[   52.569223] cloud-init[1044]: Your public key has been saved in /etc/ssh/ssh_host_dsa_key.pub.
[   52.570232] cloud-init[1044]: The key fingerprint is:
         Starting LXD - unix socket.
[   52.570657] cloud-init[1044]: SHA256:6wzYr9S6NP0Ltc0A73gGNEgCksUvH+CZfkjAgD9osa4 root@ubuntu-xenial
[   52.761528] cloud-init[1044]: The key's randomart image is:
[[0;32m  OK  [0m] Started Daily Cleanup of Temporary Directories.
[   52.761706] cloud-init[1044]: +---[DSA 1024]----+
[   53.022309] cloud-init[1044]: |*+o.. .          |
[[0;32m  OK  [0m] Started Daily apt activities.
[[   53.022817] cloud-init[1044]: |++o  o .         |
[   53.176840] cloud-init[1044]: | =o=  . +        |
[0;32m  OK  [0m] Reached target Timers.
[   53.176942] cloud-init[1044]: |.oO o  . +       |
[   53.288900] cloud-init[1044]: |oo = .  S +      |
[[0;32m  OK  [0m] Started Trigger resolvconf update for networkd DNS.
[   53.288996] cloud-init[1044]: | .o oo o * =     |
[   53.418569] cloud-init[1044]: |.  .. * * = o    |
[[0;32m  OK  [0m] Reached target Paths.
[   53.419017] cloud-init[1044]: |E    o B =       |
[   53.585092] cloud-init[1044]: |      +o+ o.     |
[   53.586104] cloud-init[1044]: +----[SHA256]-----+
[[0;32m  OK  [0m] Listening on Socket activation for snappy daemon.
[   53.586583] cloud-init[1044]: Generating public/private ecdsa key pair.
[   53.717936] cloud-init[1044]: Your identification has been saved in /etc/ssh/ssh_host_ecdsa_key.
[[0;32m  OK  [0m] Listening on LXD - unix socket.
[[   53.718091] cloud-init[1044]: Your public key has been saved in /etc/ssh/ssh_host_ecdsa_key.pub.
[0;32m  OK  [0m] Started iSCSI initiator daemon (iscsid).
[   53.849661] cloud-init[1044]: The key fingerprint is:
[   53.915502] cloud-init[1044]: SHA256:soMqHBOP3j0H4IPJpXJR6hX6/k/oNhSf2whkp2ebAlE root@ubuntu-xenial
[   53.940413] cloud-init[1044]: The key's randomart image is:
         Starting Login to default iSCSI targets...
[   53.940927] cloud-init[1044]: +---[ECDSA 256]---+
[   53.981723] cloud-init[1044]: |                 |
[[0;32m  OK  [0m] Reached target Sockets.
[[   53.981824] cloud-init[1044]: |    o E          |
[   54.044777] cloud-init[1044]: |   + o           |
[0;32m  OK  [0m] Reached target Basic System.
[   54.044859] cloud-init[1044]: | .+oo + .        |
[   54.072848] cloud-init[1044]: |..X+.+.=S.       |
[   54.089605] cloud-init[1044]: |.Oo+oo++=        |
         Starting LSB: Record successful boot for GRUB...
[   54.090882] cloud-init[1044]: |+.+.+o=+.*       |
[   54.152348] cloud-init[1044]: |.o o.+++= .      |
[   54.158343] cloud-init[1044]: | ..  o=+.        |
[   54.198026] cloud-init[1044]: +----[SHA256]-----+
[   54.198297] cloud-init[1044]: Generating public/private ed25519 key pair.
[[0;32m  OK  [0m] Started FUSE filesystem for LXC.
[   54.198414] cloud-init[1044]: Your identification has been saved in /etc/ssh/ssh_host_ed25519_key.
[   54.242707] cloud-init[1044]: Your public key has been saved in /etc/ssh/ssh_host_ed25519_key.pub.
[   54.244162] cloud-init[1044]: The key fingerprint is:
[   54.244992] cloud-init[1044]: SHA256:qG7k2ivxp9JjNP4GwJvf6lA2p89aQROTfglDzibSJV4 root@ubuntu-xenial
[   54.280662] cloud-init[1044]: The key's randomart image is:
         Starting /etc/rc.local Compatibility...
[   54.315635] cloud-init[1044]: +--[ED25519 256]--+
[   54.352396] cloud-init[1044]: |    ..E.         |
         Starting LXD - container startup/shutdown...
[   54.380208] cloud-init[1044]: |   o *+o         |
[   54.415430] cloud-init[1044]: | .. +.*o .       |
         Starting Pollinate to seed the pseudo random number generator...
[   54.440262] cloud-init[1044]: |  o. +.oo        |
         Starting Login Service...
[   54.495687] cloud-init[1044]: |   ++ +.S        |
[   54.524430] cloud-init[1044]: |  +o== .         |
[   54.532460] cloud-init[1044]: |  .Xo+.          |
         Starting System Logging Service...
[   54.547961] cloud-init[1044]: |  o+X++          |
[[0;32m  OK  [0m] Started Deferred execution scheduler.[   54.608405] 
cloud-init[1044]: |  .BOX+          |
[   54.625190] cloud-init[1044]: +----[SHA256]-----+
[[0;32m  OK  [0m] Started Regular background program processing daemon.
         Starting Apply the settings specified in cloud-config...
         Starting Accounts Service...
[[0;32m  OK  [0m] Started D-Bus System Message Bus.
[   55.716694] cloud-init[1173]: Generating locales (this might take a while)...
         Starting LSB: MD monitoring daemon...
[[0;32m  OK  [0m] Started ACPI event daemon.
[[0;32m  OK  [0m] Started Snappy daemon.
         Starting Auto import assertions from block devices...
[[0;32m  OK  [0m] Started System Logging Service.
[[0;32m  OK  [0m] Started /etc/rc.local Compatibility.
[[0;32m  OK  [0m] Started Auto import assertions from block devices.
[[0;32m  OK  [0m] Started Login Service.
         Starting Authenticate and Authorize Users to Run Privileged Tasks...
[[0;32m  OK  [0m] Started LSB: Record successful boot for GRUB.
[[0;32m  OK  [0m] Started Login to default iSCSI targets.
[[0;32m  OK  [0m] Reached target Remote File Systems (Pre).
[[0;32m  OK  [0m] Reached target Remote File Systems.
         Starting LSB: VirtualBox Linux Additions...
         Starting LSB: automatic crash report generation...
         Starting LSB: daemon to balance interrupts for SMP systems...
         Starting Permit User Sessions...
         Starting LSB: Set the CPU Frequency Scaling governor to "ondemand"...
[[0;32m  OK  [0m] Started LSB: Set the CPU Frequency Scaling governor to "ondemand".
[[0;32m  OK  [0m] Started Permit User Sessions.
         Starting Terminate Plymouth Boot Screen...
         Starting Hold until boot process finishes up...
[[0;32m  OK  [0m] Started Terminate Plymouth Boot Screen.
[[0;32m  OK  [0m] Started Hold until boot process finishes up.
[[0;32m  OK  [0m] Started Serial Getty on ttyS0.
         Starting Set console scheme...
[[0;32m  OK  [0m] Started Getty on tty1.
[[0;32m  OK  [0m] Reached target Login Prompts.
[[0;32m  OK  [0m] Started LSB: MD monitoring daemon.
[[0;32m  OK  [0m] Started LSB: automatic crash report generation.
[[0;32m  OK  [0m] Started LSB: daemon to balance interrupts for SMP systems.
[[0;32m  OK  [0m] Started Set console scheme.
[[0;32m  OK  [0m] Started Authenticate and Authorize Users to Run Privileged Tasks.
[[0;32m  OK  [0m] Started Accounts Service.
[[0;32m  OK  [0m] Started LSB: VirtualBox Linux Additions.
[   59.104266] cloud-init[1173]:   en_US.UTF-8... done
[   59.144773] cloud-init[1173]: Generation complete.
[[0;32m  OK  [0m] Started LXD - container startup/shutdown.
[[0;32m  OK  [0m] Stopped OpenBSD Secure Shell server.
         Starting OpenBSD Secure Shell server...
[[0;32m  OK  [0m] Started OpenBSD Secure Shell server.
[   62.926674] cloud-init[1173]: Cloud-init v. 0.7.9 running 'modules:config' at Mon, 27 Mar 2017 07:51:00 +0000. Up 55.03 seconds.

Ubuntu 16.04.2 LTS ubuntu-xenial ttyS0

ubuntu-xenial login: ci-info: no authorized ssh keys fingerprints found for user ubuntu.
<14>Mar 27 07:51:11 ec2: 
<14>Mar 27 07:51:11 ec2: #############################################################
<14>Mar 27 07:51:11 ec2: -----BEGIN SSH HOST KEY FINGERPRINTS-----
<14>Mar 27 07:51:11 ec2: 1024 SHA256:6wzYr9S6NP0Ltc0A73gGNEgCksUvH+CZfkjAgD9osa4 root@ubuntu-xenial (DSA)
<14>Mar 27 07:51:11 ec2: 256 SHA256:soMqHBOP3j0H4IPJpXJR6hX6/k/oNhSf2whkp2ebAlE root@ubuntu-xenial (ECDSA)
<14>Mar 27 07:51:11 ec2: 256 SHA256:qG7k2ivxp9JjNP4GwJvf6lA2p89aQROTfglDzibSJV4 root@ubuntu-xenial (ED25519)
<14>Mar 27 07:51:11 ec2: 2048 SHA256:jW3UGkqhBURRS7uD0uMztealaG+re4zJYeINdlsO4fg root@ubuntu-xenial (RSA)
<14>Mar 27 07:51:11 ec2: -----END SSH HOST KEY FINGERPRINTS-----
<14>Mar 27 07:51:11 ec2: #############################################################
-----BEGIN SSH HOST KEY KEYS-----
ecdsa-sha2-nistp256 AAAAE2VjZHNhLXNoYTItbmlzdHAyNTYAAAAIbmlzdHAyNTYAAABBBKjCicZcsjVP/l0vLYJqX/W9VltVtXN0Wt1p+Gkb1iy9KzgQjsfIrfATkUyFCPSDm6JcQ6T13f8XTDAp0PrhAD8= root@ubuntu-xenial
ssh-ed25519 AAAAC3NzaC1lZDI1NTE5AAAAIDSIi/HWUIA8lFWhVrvP+qPLGetbJeZzwKxmOuHeAurS root@ubuntu-xenial
ssh-rsa AAAAB3NzaC1yc2EAAAADAQABAAABAQDl67yZI8Vg4/Q4eHyxJXfkZnoXkD6dtJuBlvtPo9wteKman3NgQwvuFOEV2eNRmFplkxQikt/zRR/BGVzvzEQ6Cjz5i/Zp0tMwaZjVD4bzzkUJAtajbQlCVSNeaOwtU3UnObatlHYWuNJ3Y6vKgfpghmwiBsF0AmwFVzvC16eFuK7QzvIJXvAfZs2WY3XI7DSpNMI2ylF+2Qmigfxe/07M11r4XJRJOmy3q2shNjN2FPCEDRVlE44RKRm7sJMZS87UGee8ZJgife0digTAg3fQ+F47jic/yCW2f9g90XOCz0WPUmHpzuSwtGUTcYGYVOjvBdfKCMPzFKo2OhdiThhX root@ubuntu-xenial
-----END SSH HOST KEY KEYS-----
[   66.074140] cloud-init[1408]: Cloud-init v. 0.7.9 running 'modules:final' at Mon, 27 Mar 2017 07:51:11 +0000. Up 65.92 seconds.
[   66.074279] cloud-init[1408]: ci-info: no authorized ssh keys fingerprints found for user ubuntu.
[   66.074350] cloud-init[1408]: Cloud-init v. 0.7.9 finished at Mon, 27 Mar 2017 07:51:11 +0000. Datasource DataSourceNoCloud [seed=/dev/sdb][dsmode=net].  Up 66.06 seconds
[ 1064.820117] e1000 0000:00:03.0 enp0s3: Detected Tx Unit Hang
[ 1064.820117]   Tx Queue             <0>
[ 1064.820117]   TDH                  <ba>
[ 1064.820117]   TDT                  <bc>
[ 1064.820117]   next_to_use          <bc>
[ 1064.820117]   next_to_clean        <ba>
[ 1064.820117] buffer_info[next_to_clean]
[ 1064.820117]   time_stamp           <10002cd78>
[ 1064.820117]   next_to_watch        <bb>
[ 1064.820117]   jiffies              <10002cf08>
[ 1064.820117]   next_to_watch.status <0>
[ 1066.826470] e1000 0000:00:03.0 enp0s3: Detected Tx Unit Hang
[ 1066.826470]   Tx Queue             <0>
[ 1066.826470]   TDH                  <ba>
[ 1066.826470]   TDT                  <bc>
[ 1066.826470]   next_to_use          <bc>
[ 1066.826470]   next_to_clean        <ba>
[ 1066.826470] buffer_info[next_to_clean]
[ 1066.826470]   time_stamp           <10002cd78>
[ 1066.826470]   next_to_watch        <bb>
[ 1066.826470]   jiffies              <10002d0fe>
[ 1066.826470]   next_to_watch.status <0>
[ 1068.828688] e1000 0000:00:03.0 enp0s3: Detected Tx Unit Hang
[ 1068.828688]   Tx Queue             <0>
[ 1068.828688]   TDH                  <ba>
[ 1068.828688]   TDT                  <bc>
[ 1068.828688]   next_to_use          <bc>
[ 1068.828688]   next_to_clean        <ba>
[ 1068.828688] buffer_info[next_to_clean]
[ 1068.828688]   time_stamp           <10002cd78>
[ 1068.828688]   next_to_watch        <bb>
[ 1068.828688]   jiffies              <10002d2f2>
[ 1068.828688]   next_to_watch.status <0>
[ 1070.833027] e1000 0000:00:03.0 enp0s3: Detected Tx Unit Hang
[ 1070.833027]   Tx Queue             <0>
[ 1070.833027]   TDH                  <ba>
[ 1070.833027]   TDT                  <bc>
[ 1070.833027]   next_to_use          <bc>
[ 1070.833027]   next_to_clean        <ba>
[ 1070.833027] buffer_info[next_to_clean]
[ 1070.833027]   time_stamp           <10002cd78>
[ 1070.833027]   next_to_watch        <bb>
[ 1070.833027]   jiffies              <10002d4e8>
[ 1070.833027]   next_to_watch.status <0>
[ 1071.360133] e1000 0000:00:03.0 enp0s3: Reset adapter
         Stopping Session 4 of user ubuntu.
         Stopping User Mang         Stopping LSB: daemon to balance interrupts for SMP systems...
[  OK  ] Stopped PostgreSQL RDBMS.
         Stopping PostgreSQL Cluster 9.6-main...
[  OK  ] Unmounted /var/lib/lxcfs.
[  OK  ] Stopped System Logging Service.
[  OK  ] Stopped Deferred execution scheduler.
[  OK  ] Stopped Regular background program processing daemon.
[  OK  ] Stopped Accounts Service.
[  OK  ] Stopped ACPI event daemon.
[  OK  ] Stopped Snappy daemon.
[  OK  ] Stopped Authenticate and Authorize Users to Run Privileged Tasks.
[  OK  ] Stopped Serial Getty on ttyS0.
[  OK  ] Stopped Getty on tty1.
[  OK  ] Stopped OpenBSD Secure Shell server.
[  OK  ] Stopped User Manager for UID 1000.
[  OK  ] Stopped Session 4 of user ubuntu.
[  OK  ] Stopped vboxadd.service.
[  OK  ] Stopped D-Bus System Message Bus.
[  OK  ] Stopped FUSE filesystem for LXC.
[  OK  ] Unmounted /tmp/vagrant-chef/ebcd5e7...b01caf96dffe2db8c97c4/cookbooks.
[  OK  ] Unmounted /vagrant.
[  OK  ] Stopped Advanced key-value store.
[  OK  ] Stopped PostgreSQL Cluster 9.6-main.
[  OK  ] Stopped LXD - container startup/shutdown.
[  OK  ] Removed slice system-postgresql.slice.
[  OK  ] Removed slice User Slice of ubuntu.
         Stopping Login Service...
[  OK  ] Removed slice system-getty.slice.
[  OK  ] Removed slice system-serial\x2dgetty.slice.
[  OK  ] Stopped /etc/rc.local Compatibility.
         Stopping Permit User Sessions...
[  OK  ] Stopped Login Service.
[  OK  ] Stopped LSB: Record successful boot for GRUB.
[  OK  ] Stopped LSB: automatic crash report generation.
[  OK  ] Stopped LSB: Set the CPU Frequency Scaling governor to "ondemand".
[  OK  ] Stopped LSB: MD monitoring daemon.
[  OK  ] Stopped LSB: daemon to balance interrupts for SMP systems.
[  OK  ] Stopped Permit User Sessions.
[  OK  ] Stopped target Remote File Systems.
[  OK  ] Stopped target Remote File Systems (Pre).
         Stopping Login to default iSCSI targets...
[  OK  ] Stopped target User and Group Name Lookups.
[  OK  ] Stopped target Basic System.
[  OK  ] Stopped target Paths.
[  OK  ] Stopped Dispatch Password Requests to Console Directory Watch.
[  OK  ] Stopped Trigger resolvconf update for networkd DNS.
[  OK  ] Stopped ACPI Events Check.
[  OK  ] Stopped Forward Password Requests to Wall Directory Watch.
[  OK  ] Stopped target Sockets.
[  OK  ] Closed LXD - unix socket.
[  OK  ] Closed UUID daemon activation socket.
[  OK  ] Closed Socket activation for snappy daemon.
[  OK  ] Closed ACPID Listen Socket.
[  OK  ] Closed Syslog Socket.
[  OK  ] Closed D-Bus System Message Bus Socket.
[  OK  ] Stopped target Slices.
[  OK  ] Stopped target System Initialization.
[  OK  ] Stopped target Swap.
         Stopping Update UTMP about System Boot/Shutdown...
         Stopping Load/Save Random Seed...
[  OK  ] Stopped Commit a transient machine-id on disk.
[  OK  ] Stopped target Encrypted Volumes.
[  OK  ] Removed slice User and Session Slice.
[  OK  ] Stopped Load/Save Random Seed.
[  OK  ] Stopped Update UTMP about System Boot/Shutdown.
[  OK  ] Stopped Login to default iSCSI targets.
         Stopping iSCSI initiator daemon (iscsid)...
[  OK  ] Stopped Create Volatile Files and Directories.
[  OK  ] Stopped iSCSI initiator daemon (iscsid).
[  OK  ] Stopped target Network is Online.
[  OK  ] Stopped target Network.
[  OK  ] Stopped Initial cloud-init job (metadata service crawler).
         Stopping Raise network interfaces...
[  OK  ] Stopped Raise network interfaces.
[  OK  ] Stopped target Network (Pre).
[  OK  ] Stopped Initial cloud-init job (pre-networking).
[  OK  ] Stopped Apply Kernel Variables.
[  OK  ] Stopped target Local File Systems.
         Unmounting /run/user/1000...
         Starting Unattended Upgrades Shutdown...
[  OK  ] Stopped Load Kernel Modules.
[  OK  ] Unmounted /run/user/1000.
[  OK  ] Reached target Unmount All Filesystems.
[  OK  ] Stopped target Local File Systems (Pre).
         Stopping Monitoring of LVM2 mirrors... dmeventd or progress polling...
[  OK  ] Stopped Create Static Device Nodes in /dev.
[  OK  ] Stopped Remount Root and Kernel File Systems.
[  OK  ] Started Unattended Upgrades Shutdown.
[  OK  ] Stopped Monitoring of LVM2 mirrors,...ng dmeventd or progress polling.
         Stopping LVM2 metadata daemon...
[  OK  ] Reached target Shutdown.
[ 1389.682588] reboot: Power down
